Initial check results: 

SUCCESS: Submission has consistently named tex, bib, and R files
WARNING: The archive contains hidden files which will be removed: .gitignore
SUCCESS: File and directory names are compliant.
NOTE: Remove .log, .aux and .out files before submitting.
SUCCESS: No problematic file found
SUCCESS: Possible motivation letter found: motivation-letter.md
ERROR: Article title not in title case! Suggest title: Cnefetools: Access and Analysis of Brazilian CNEFE Address Data in R.
SUCCESS: Section titles formatted in sentence case.
SUCCESS: Abstract formatted in plain text.
Initial check results: 

SUCCESS: Submission has consistently named tex, bib, and R files
WARNING: The archive contains hidden files which will be removed: .gitignore
SUCCESS: File and directory names are compliant.
NOTE: Remove .log, .aux and .out files before submitting.
SUCCESS: No problematic file found
SUCCESS: Possible motivation letter found: motivation-letter.md
ERROR: Article title not in title case! Suggest title: Cnefetools: Access and Analysis of Brazilian CNEFE Address Data in R.
SUCCESS: Section titles formatted in sentence case.
SUCCESS: Abstract formatted in plain text.
Initial check results: 

SUCCESS: Submission has consistently named tex, bib, and R files
WARNING: The archive contains hidden files which will be removed: .gitignore
SUCCESS: File and directory names are compliant.
NOTE: Remove .log, .aux and .out files before submitting.
SUCCESS: No problematic file found
SUCCESS: Possible motivation letter found: motivation-letter.md
ERROR: Article title not in title case! Suggest title: Cnefetools: Access and Analysis of Brazilian CNEFE Address Data in R.
SUCCESS: Section titles formatted in sentence case.
SUCCESS: Abstract formatted in plain text.
Initial check results: 

SUCCESS: Submission has consistently named tex, bib, and R files
WARNING: The archive contains hidden files which will be removed: .gitignore
SUCCESS: File and directory names are compliant.
NOTE: Remove .log, .aux and .out files before submitting.
SUCCESS: No problematic file found
SUCCESS: Possible motivation letter found: motivation-letter.md
ERROR: Article title not in title case! Suggest title: Cnefetools: Access and Analysis of Brazilian CNEFE Address Data in R.
SUCCESS: Section titles formatted in sentence case.
SUCCESS: Abstract formatted in plain text.
